[33m>[39m Building...
[32m√[39m Building...
[1mInitial chunk files[22m[2m | [22m[1mNames[22m          [2m | [22m [1mRaw size[22m
[32mmain.js[39m            [2m | [22m[2mmain[22m           [2m | [22m [36m33.40 kB[39m[2m | [22m
[32mchunk-OXKAA2H7.js[39m  [2m | [22m[2m-[22m              [2m | [22m  [36m1.95 kB[39m[2m | [22m
[32mstyles.css[39m         [2m | [22m[2mstyles[22m         [2m | [22m  [36m1.34 kB[39m[2m | [22m
[32mchunk-VUJOFXKG.js[39m  [2m | [22m[2m-[22m              [2m | [22m[36m938 bytes[39m[2m | [22m
[32mpolyfills.js[39m       [2m | [22m[2mpolyfills[22m      [2m | [22m [36m95 bytes[39m[2m | [22m

[1m [22m                  [2m | [22m[1mInitial total[22m  [2m | [22m [1m37.72 kB[22m

[1mLazy chunk files[22m   [2m | [22m[1mNames[22m          [2m | [22m [1mRaw size[22m
[32mchunk-EXDXKURK.js[39m  [2m | [22m[2moperations-lab[22m [2m | [22m[36m108.53 kB[39m[2m | [22m
[32mchunk-ZYFEASC2.js[39m  [2m | [22m[2minspection-page[22m[2m | [22m [36m47.90 kB[39m[2m | [22m
[32mchunk-KT5TOV5P.js[39m  [2m | [22m[2mdemo-page[22m      [2m | [22m [36m46.57 kB[39m[2m | [22m
[32mchunk-DAC7YALA.js[39m  [2m | [22m[2mtires-page[22m     [2m | [22m [36m41.42 kB[39m[2m | [22m
[32mchunk-RVHKYVDC.js[39m  [2m | [22m[2mcatalog-admin[22m  [2m | [22m [36m31.37 kB[39m[2m | [22m
[32mchunk-RY2OY6TX.js[39m  [2m | [22m[2mdisposition[22m    [2m | [22m [36m27.31 kB[39m[2m | [22m
[32mchunk-56J2PMOJ.js[39m  [2m | [22m[2mmovements-page[22m [2m | [22m [36m19.12 kB[39m[2m | [22m
[32mchunk-PE3IBMWN.js[39m  [2m | [22m[2mlogin[22m          [2m | [22m [36m18.35 kB[39m[2m | [22m
[32mchunk-QBSHT5ZE.js[39m  [2m | [22m[2m-[22m              [2m | [22m [36m13.91 kB[39m[2m | [22m
[32mchunk-DC3RST45.js[39m  [2m | [22m[2mactivities-page[22m[2m | [22m [36m11.84 kB[39m[2m | [22m
[32mchunk-62673B4C.js[39m  [2m | [22m[2mdashboard[22m      [2m | [22m  [36m8.11 kB[39m[2m | [22m
[32mchunk-M4SVUVL3.js[39m  [2m | [22m[2m-[22m              [2m | [22m  [36m3.44 kB[39m[2m | [22m
[32mchunk-EJD6ZVXA.js[39m  [2m | [22m[2mllantas-routes[22m [2m | [22m[36m263 bytes[39m[2m | [22m

Application bundle generation complete. [3.856 seconds] - 2026-08-12T13:11:23.236Z

Watch mode enabled. Watching for file changes...
NOTE: Raw file sizes do not reflect development server per-request transformations.
[2m8:11:23 a. m.[22m [36m[1m[vite][22m[39m [34m[2m(ssr)[22m[39m Re-optimizing dependencies because lockfile has changed
  [32m➜[39m  [1mLocal[22m:   [36mhttp://localhost:[1m4200[22m/[39m
[33m>[39m Changes detected. Rebuilding...
[32m√[39m Changes detected. Rebuilding...
[1mInitial chunk files[22m[2m | [22m[1mNames[22m          [2m | [22m[1mRaw size[22m
[32mmain.js[39m            [2m | [22m[2mmain[22m           [2m | [22m[36m33.40 kB[39m[2m | [22m

[1mLazy chunk files[22m   [2m | [22m[1mNames[22m          [2m | [22m[1mRaw size[22m
[32mchunk-SLSMWB5M.js[39m  [2m | [22m[2minspection-page[22m[2m | [22m[36m53.65 kB[39m[2m | [22m

Application bundle generation complete. [1.363 seconds] - 2026-08-12T13:20:43.909Z

Page reload sent to client(s).
[33m>[39m Changes detected. Rebuilding...
[32m√[39m Changes detected. Rebuilding...
[1mInitial chunk files[22m[2m | [22m[1mNames[22m          [2m | [22m[1mRaw size[22m
[32mmain.js[39m            [2m | [22m[2mmain[22m           [2m | [22m[36m33.40 kB[39m[2m | [22m

[1mLazy chunk files[22m   [2m | [22m[1mNames[22m          [2m | [22m[1mRaw size[22m
[32mchunk-CJHABOZP.js[39m  [2m | [22m[2minspection-page[22m[2m | [22m[36m55.61 kB[39m[2m | [22m

Application bundle generation complete. [0.291 seconds] - 2026-08-12T13:21:14.615Z

Page reload sent to client(s).
