> Building...
√ Building...
Initial chunk files | Names           |  Raw size
main.js             | main            |  43.20 kB | 
styles.css          | styles          |   4.15 kB | 
chunk-CT2465PJ.js   | -               |   2.80 kB | 
chunk-Y5RQAIA6.js   | -               |   1.50 kB | 
polyfills.js        | polyfills       |  95 bytes | 

                    | Initial total   |  51.74 kB

Lazy chunk files    | Names           |  Raw size
chunk-WB37DD7N.js   | operations-lab  | 109.94 kB | 
chunk-IKORNNJK.js   | inspection-page |  69.78 kB | 
chunk-RKJWXQUQ.js   | demo-page       |  53.43 kB | 
chunk-4VKB4XAY.js   | catalog-admin   |  53.18 kB | 
chunk-T6NW5GSZ.js   | tires-page      |  46.44 kB | 
chunk-ESTLHRBY.js   | disposition     |  27.31 kB | 
chunk-DBNHZ22Z.js   | dashboard       |  23.15 kB | 
chunk-5HBULIHP.js   | movements-page  |  19.12 kB | 
chunk-42OEESYW.js   | login           |  16.92 kB | 
chunk-6UQYGUL5.js   | activities-page |  14.78 kB | 
chunk-QBSHT5ZE.js   | -               |  13.91 kB | 
chunk-IK6FM2BV.js   | -               |   1.48 kB | 
chunk-RU3IIEPM.js   | -               | 959 bytes | 
chunk-IH2KUPDO.js   | llantas-routes  | 263 bytes | 

Application bundle generation complete. [7.364 seconds] - 2026-08-18T20:47:13.091Z

Watch mode enabled. Watching for file changes...
NOTE: Raw file sizes do not reflect development server per-request transformations.
  ➜  Local:   http://localhost:4200/
  ➜  press h + enter to show help
> Changes detected. Rebuilding...
√ Changes detected. Rebuilding...
Initial chunk files | Names          |  Raw size
main.js             | main           |  43.20 kB | 

Lazy chunk files    | Names          |  Raw size
chunk-VVYO4ZJF.js   | tires-page     |  52.44 kB | 
chunk-4EDLNM7J.js   | llantas-routes | 263 bytes | 

Application bundle generation complete. [3.082 seconds] - 2026-08-18T20:54:14.347Z

Page reload sent to client(s).
> Changes detected. Rebuilding...
√ Changes detected. Rebuilding...
Initial chunk files | Names          |  Raw size
main.js             | main           |  43.20 kB | 

Lazy chunk files    | Names          |  Raw size
chunk-4IKWRCCB.js   | tires-page     |  19.35 kB | 
chunk-PMN3LHOK.js   | llantas-routes | 263 bytes | 

Application bundle generation complete. [0.286 seconds] - 2026-08-18T20:54:46.393Z

Page reload sent to client(s).
> Changes detected. Rebuilding...
√ Changes detected. Rebuilding...
Initial chunk files | Names           |  Raw size
main.js             | main            |  43.20 kB | 
styles.css          | styles          |   4.15 kB | 
chunk-CT2465PJ.js   | -               |   2.80 kB | 
chunk-Y5RQAIA6.js   | -               |   1.50 kB | 
polyfills.js        | polyfills       |  95 bytes | 

                    | Initial total   |  51.74 kB

Lazy chunk files    | Names           |  Raw size
chunk-WB37DD7N.js   | operations-lab  | 109.94 kB | 
chunk-IKORNNJK.js   | inspection-page |  69.78 kB | 
chunk-RKJWXQUQ.js   | demo-page       |  53.43 kB | 
chunk-4VKB4XAY.js   | catalog-admin   |  53.18 kB | 
chunk-ESTLHRBY.js   | disposition     |  27.31 kB | 
chunk-DBNHZ22Z.js   | dashboard       |  23.15 kB | 
chunk-4IKWRCCB.js   | tires-page      |  19.35 kB | 
chunk-5HBULIHP.js   | movements-page  |  19.12 kB | 
chunk-42OEESYW.js   | login           |  16.92 kB | 
chunk-6UQYGUL5.js   | activities-page |  14.78 kB | 
chunk-QBSHT5ZE.js   | -               |  13.91 kB | 
chunk-IK6FM2BV.js   | -               |   1.48 kB | 
chunk-RU3IIEPM.js   | -               | 959 bytes | 
chunk-PMN3LHOK.js   | llantas-routes  | 263 bytes | 

Application bundle generation complete. [0.007 seconds] - 2026-08-18T20:55:19.799Z

> Changes detected. Rebuilding...
√ Changes detected. Rebuilding...
Initial chunk files | Names           |  Raw size
main.js             | main            |  43.20 kB | 
styles.css          | styles          |   4.15 kB | 
chunk-CT2465PJ.js   | -               |   2.80 kB | 
chunk-Y5RQAIA6.js   | -               |   1.50 kB | 
polyfills.js        | polyfills       |  95 bytes | 

                    | Initial total   |  51.74 kB

Lazy chunk files    | Names           |  Raw size
chunk-WB37DD7N.js   | operations-lab  | 109.94 kB | 
chunk-IKORNNJK.js   | inspection-page |  69.78 kB | 
chunk-RKJWXQUQ.js   | demo-page       |  53.43 kB | 
chunk-4VKB4XAY.js   | catalog-admin   |  53.18 kB | 
chunk-ESTLHRBY.js   | disposition     |  27.31 kB | 
chunk-DBNHZ22Z.js   | dashboard       |  23.15 kB | 
chunk-4IKWRCCB.js   | tires-page      |  19.35 kB | 
chunk-5HBULIHP.js   | movements-page  |  19.12 kB | 
chunk-42OEESYW.js   | login           |  16.92 kB | 
chunk-6UQYGUL5.js   | activities-page |  14.78 kB | 
chunk-QBSHT5ZE.js   | -               |  13.91 kB | 
chunk-IK6FM2BV.js   | -               |   1.48 kB | 
chunk-RU3IIEPM.js   | -               | 959 bytes | 
chunk-PMN3LHOK.js   | llantas-routes  | 263 bytes | 

Application bundle generation complete. [0.323 seconds] - 2026-08-18T20:55:23.546Z

> Changes detected. Rebuilding...
√ Changes detected. Rebuilding...
Initial chunk files | Names          |  Raw size
main.js             | main           |  43.20 kB | 

Lazy chunk files    | Names          |  Raw size
chunk-MTH7OQRR.js   | tires-page     |  72.95 kB | 
chunk-UCOUT5BN.js   | llantas-routes | 263 bytes | 

Application bundle generation complete. [0.916 seconds] - 2026-08-18T20:56:00.856Z

Component update sent to client(s).
> Changes detected. Rebuilding...
√ Changes detected. Rebuilding...
Application bundle generation failed. [0.663 seconds] - 2026-08-18T20:59:30.149Z

> Changes detected. Rebuilding...
√ Changes detected. Rebuilding...
Application bundle generation failed. [0.002 seconds] - 2026-08-18T21:00:36.066Z

> Changes detected. Rebuilding...
√ Changes detected. Rebuilding...
Initial chunk files | Names           |  Raw size
main.js             | main            |  43.20 kB | 
styles.css          | styles          |   4.15 kB | 
chunk-CT2465PJ.js   | -               |   2.80 kB | 
chunk-Y5RQAIA6.js   | -               |   1.50 kB | 
polyfills.js        | polyfills       |  95 bytes | 

                    | Initial total   |  51.74 kB

Lazy chunk files    | Names           |  Raw size
chunk-WB37DD7N.js   | operations-lab  | 109.94 kB | 
chunk-LMFLE45P.js   | tires-page      |  84.02 kB | 
chunk-IKORNNJK.js   | inspection-page |  69.78 kB | 
chunk-RKJWXQUQ.js   | demo-page       |  53.43 kB | 
chunk-4VKB4XAY.js   | catalog-admin   |  53.18 kB | 
chunk-ESTLHRBY.js   | disposition     |  27.31 kB | 
chunk-DBNHZ22Z.js   | dashboard       |  23.15 kB | 
chunk-5HBULIHP.js   | movements-page  |  19.12 kB | 
chunk-42OEESYW.js   | login           |  16.92 kB | 
chunk-6UQYGUL5.js   | activities-page |  14.78 kB | 
chunk-QBSHT5ZE.js   | -               |  13.91 kB | 
chunk-IK6FM2BV.js   | -               |   1.48 kB | 
chunk-RU3IIEPM.js   | -               | 959 bytes | 
chunk-4IMLPQ33.js   | llantas-routes  | 263 bytes | 

Application bundle generation complete. [1.556 seconds] - 2026-08-18T21:01:56.335Z

Page reload sent to client(s).
> Changes detected. Rebuilding...
√ Changes detected. Rebuilding...
Initial chunk files | Names          |  Raw size
main.js             | main           |  43.20 kB | 

Lazy chunk files    | Names          |  Raw size
chunk-TUA4L2D2.js   | tires-page     |  89.84 kB | 
chunk-Q4JJBKTH.js   | llantas-routes | 263 bytes | 

Application bundle generation complete. [0.905 seconds] - 2026-08-18T21:02:19.796Z

Component update sent to client(s).
> Changes detected. Rebuilding...
√ Changes detected. Rebuilding...
Application bundle generation failed. [14.462 seconds] - 2026-08-18T21:16:13.628Z

> Changes detected. Rebuilding...
√ Changes detected. Rebuilding...
Initial chunk files | Names           |  Raw size
main.js             | main            |  43.10 kB | 
styles.css          | styles          |   4.15 kB | 
chunk-CT2465PJ.js   | -               |   2.80 kB | 
chunk-Y5RQAIA6.js   | -               |   1.50 kB | 
polyfills.js        | polyfills       |  95 bytes | 

                    | Initial total   |  51.65 kB

Lazy chunk files    | Names           |  Raw size
chunk-WB37DD7N.js   | operations-lab  | 109.94 kB | 
chunk-TUA4L2D2.js   | tires-page      |  89.84 kB | 
chunk-IKORNNJK.js   | inspection-page |  69.78 kB | 
chunk-RKJWXQUQ.js   | demo-page       |  53.43 kB | 
chunk-4VKB4XAY.js   | catalog-admin   |  53.18 kB | 
chunk-ZBIV2KML.js   | vehicles-page   |  40.86 kB | 
chunk-ESTLHRBY.js   | disposition     |  27.31 kB | 
chunk-5KGGU5WB.js   | dashboard       |  23.15 kB | 
chunk-5HBULIHP.js   | movements-page  |  19.12 kB | 
chunk-42OEESYW.js   | login           |  16.92 kB | 
chunk-6UQYGUL5.js   | activities-page |  14.78 kB | 
chunk-QBSHT5ZE.js   | -               |  13.91 kB | 
chunk-IK6FM2BV.js   | -               |   1.48 kB | 
chunk-RU3IIEPM.js   | -               | 959 bytes | 
chunk-Q4JJBKTH.js   | llantas-routes  | 263 bytes | 

Application bundle generation complete. [0.975 seconds] - 2026-08-18T21:17:00.649Z

Page reload sent to client(s).
> Changes detected. Rebuilding...
√ Changes detected. Rebuilding...
Application bundle generation failed. [1.661 seconds] - 2026-08-18T21:22:39.152Z

> Changes detected. Rebuilding...
√ Changes detected. Rebuilding...
Application bundle generation failed. [0.613 seconds] - 2026-08-18T21:22:52.092Z

> Changes detected. Rebuilding...
√ Changes detected. Rebuilding...
Application bundle generation failed. [0.749 seconds] - 2026-08-18T21:23:19.156Z

> Changes detected. Rebuilding...
√ Changes detected. Rebuilding...
Application bundle generation failed. [1.096 seconds] - 2026-08-18T21:23:47.319Z

> Changes detected. Rebuilding...
√ Changes detected. Rebuilding...
Application bundle generation failed. [0.591 seconds] - 2026-08-18T21:28:55.906Z

> Changes detected. Rebuilding...
√ Changes detected. Rebuilding...
Application bundle generation failed. [0.006 seconds] - 2026-08-18T21:29:23.259Z

> Changes detected. Rebuilding...
√ Changes detected. Rebuilding...
Application bundle generation failed. [0.002 seconds] - 2026-08-18T21:33:45.391Z

> Changes detected. Rebuilding...
√ Changes detected. Rebuilding...
Initial chunk files | Names           |  Raw size
main.js             | main            |  43.10 kB | 
styles.css          | styles          |   4.15 kB | 
chunk-CT2465PJ.js   | -               |   2.80 kB | 
chunk-Y5RQAIA6.js   | -               |   1.50 kB | 
polyfills.js        | polyfills       |  95 bytes | 

                    | Initial total   |  51.65 kB

Lazy chunk files    | Names           |  Raw size
chunk-WB37DD7N.js   | operations-lab  | 109.94 kB | 
chunk-QNFZEMVC.js   | tires-page      |  90.11 kB | 
chunk-IKORNNJK.js   | inspection-page |  69.78 kB | 
chunk-DO7SD3M6.js   | vehicles-page   |  67.63 kB | 
chunk-RKJWXQUQ.js   | demo-page       |  53.43 kB | 
chunk-4VKB4XAY.js   | catalog-admin   |  53.18 kB | 
chunk-ESTLHRBY.js   | disposition     |  27.31 kB | 
chunk-5KGGU5WB.js   | dashboard       |  23.15 kB | 
chunk-5HBULIHP.js   | movements-page  |  19.12 kB | 
chunk-42OEESYW.js   | login           |  16.92 kB | 
chunk-6UQYGUL5.js   | activities-page |  14.78 kB | 
chunk-QBSHT5ZE.js   | -               |  13.91 kB | 
chunk-IK6FM2BV.js   | -               |   1.48 kB | 
chunk-RU3IIEPM.js   | -               | 959 bytes | 
chunk-FAQRPLAI.js   | llantas-routes  | 263 bytes | 

Application bundle generation complete. [2.499 seconds] - 2026-08-18T21:40:40.614Z

Page reload sent to client(s).
> Changes detected. Rebuilding...
√ Changes detected. Rebuilding...
Application bundle generation failed. [1.069 seconds] - 2026-08-18T21:41:06.477Z

> Changes detected. Rebuilding...
√ Changes detected. Rebuilding...
Application bundle generation failed. [0.535 seconds] - 2026-08-18T21:42:14.826Z

> Changes detected. Rebuilding...
√ Changes detected. Rebuilding...
Application bundle generation failed. [0.579 seconds] - 2026-08-18T21:42:24.535Z

> Changes detected. Rebuilding...
√ Changes detected. Rebuilding...
Initial chunk files | Names           |  Raw size
main.js             | main            |  43.10 kB | 
styles.css          | styles          |   4.15 kB | 
chunk-CT2465PJ.js   | -               |   2.80 kB | 
chunk-Y5RQAIA6.js   | -               |   1.50 kB | 
polyfills.js        | polyfills       |  95 bytes | 

                    | Initial total   |  51.65 kB

Lazy chunk files    | Names           |  Raw size
chunk-4V4CLQCY.js   | tires-page      | 121.03 kB | 
chunk-WB37DD7N.js   | operations-lab  | 109.94 kB | 
chunk-IKORNNJK.js   | inspection-page |  69.78 kB | 
chunk-NVOMJSTU.js   | vehicles-page   |  67.63 kB | 
chunk-RKJWXQUQ.js   | demo-page       |  53.43 kB | 
chunk-4VKB4XAY.js   | catalog-admin   |  53.18 kB | 
chunk-ESTLHRBY.js   | disposition     |  27.31 kB | 
chunk-5KGGU5WB.js   | dashboard       |  23.15 kB | 
chunk-5HBULIHP.js   | movements-page  |  19.12 kB | 
chunk-42OEESYW.js   | login           |  16.92 kB | 
chunk-6UQYGUL5.js   | activities-page |  14.78 kB | 
chunk-QBSHT5ZE.js   | -               |  13.91 kB | 
chunk-IK6FM2BV.js   | -               |   1.48 kB | 
chunk-RU3IIEPM.js   | -               | 959 bytes | 
chunk-4GW6MMNP.js   | llantas-routes  | 263 bytes | 

Application bundle generation complete. [1.230 seconds] - 2026-08-18T21:43:02.052Z

Page reload sent to client(s).
> Changes detected. Rebuilding...
√ Changes detected. Rebuilding...
Initial chunk files | Names         | Raw size
main.js             | main          | 43.00 kB | 

Lazy chunk files    | Names         | Raw size
chunk-IJDQSIRC.js   | vehicles-page | 67.63 kB | 
chunk-KPW7SK5N.js   | alerts-page   | 15.69 kB | 

Application bundle generation complete. [2.619 seconds] - 2026-08-18T21:58:14.317Z

Page reload sent to client(s).
> Changes detected. Rebuilding...
√ Changes detected. Rebuilding...
Initial chunk files | Names           | Raw size
main.js             | main            | 43.00 kB | 

Lazy chunk files    | Names           | Raw size
chunk-M6SWABBT.js   | inspection-page | 69.83 kB | 

Application bundle generation complete. [0.666 seconds] - 2026-08-18T22:00:33.184Z

Page reload sent to client(s).
> Changes detected. Rebuilding...
√ Changes detected. Rebuilding...
Initial chunk files | Names           | Raw size
main.js             | main            | 43.00 kB | 

Lazy chunk files    | Names           | Raw size
chunk-HIE4QPEO.js   | inspection-page | 73.97 kB | 

Application bundle generation complete. [0.577 seconds] - 2026-08-18T22:01:18.821Z

Page reload sent to client(s).
> Changes detected. Rebuilding...
√ Changes detected. Rebuilding...
Initial chunk files | Names           | Raw size
main.js             | main            | 42.90 kB | 

Lazy chunk files    | Names           | Raw size
chunk-3CJMJKIC.js   | vehicles-page   | 65.77 kB | 
chunk-YM6GK5IT.js   | scheduling-page | 58.39 kB | 
chunk-XZJOWGID.js   | -               |  1.36 kB | 

Application bundle generation complete. [2.618 seconds] - 2026-08-18T22:30:19.089Z

Page reload sent to client(s).
> Changes detected. Rebuilding...
√ Changes detected. Rebuilding...
Initial chunk files | Names           | Raw size
main.js             | main            | 42.90 kB | 

Lazy chunk files    | Names           | Raw size
chunk-IGT24VC3.js   | inspection-page | 74.21 kB | 

Application bundle generation complete. [1.130 seconds] - 2026-08-18T22:30:43.744Z

Page reload sent to client(s).
> Changes detected. Rebuilding...
√ Changes detected. Rebuilding...
Initial chunk files | Names           | Raw size
main.js             | main            | 42.90 kB | 

Lazy chunk files    | Names           | Raw size
chunk-2JICS4SV.js   | dashboard       | 23.15 kB | 
chunk-EQM77UBR.js   | activities-page | 16.87 kB | 
chunk-OI5PGE23.js   | -               |  1.05 kB | 

Application bundle generation complete. [0.541 seconds] - 2026-08-18T22:31:00.722Z

Page reload sent to client(s).
> Changes detected. Rebuilding...
√ Changes detected. Rebuilding...
Initial chunk files | Names           | Raw size
main.js             | main            | 42.90 kB | 

Lazy chunk files    | Names           | Raw size
chunk-XE5F5QEC.js   | scheduling-page | 59.67 kB | 

Application bundle generation complete. [1.164 seconds] - 2026-08-18T22:35:04.258Z

Page reload sent to client(s).
> Changes detected. Rebuilding...
√ Changes detected. Rebuilding...
Application bundle generation failed. [1.581 seconds] - 2026-08-18T22:39:23.975Z

> Changes detected. Rebuilding...
√ Changes detected. Rebuilding...
Initial chunk files | Names           |  Raw size
main.js             | main            |  42.90 kB | 
styles.css          | styles          |   4.15 kB | 
chunk-CT2465PJ.js   | -               |   2.80 kB | 
chunk-Y5RQAIA6.js   | -               |   1.50 kB | 
polyfills.js        | polyfills       |  95 bytes | 

                    | Initial total   |  51.45 kB

Lazy chunk files    | Names           |  Raw size
chunk-4V4CLQCY.js   | tires-page      | 121.03 kB | 
chunk-WB37DD7N.js   | operations-lab  | 109.94 kB | 
chunk-IGT24VC3.js   | inspection-page |  74.21 kB | 
chunk-3CJMJKIC.js   | vehicles-page   |  65.77 kB | 
chunk-XE5F5QEC.js   | scheduling-page |  59.67 kB | 
chunk-RKJWXQUQ.js   | demo-page       |  53.43 kB | 
chunk-4VKB4XAY.js   | catalog-admin   |  53.18 kB | 
chunk-ESTLHRBY.js   | disposition     |  27.31 kB | 
chunk-2JICS4SV.js   | dashboard       |  23.15 kB | 
chunk-5HBULIHP.js   | movements-page  |  19.12 kB | 
chunk-42OEESYW.js   | login           |  16.92 kB | 
chunk-EQM77UBR.js   | activities-page |  16.87 kB | 
chunk-KPW7SK5N.js   | alerts-page     |  15.69 kB | 
chunk-QBSHT5ZE.js   | -               |  13.91 kB | 
chunk-IK6FM2BV.js   | -               |   1.48 kB | 
...and 3 more lazy chunks files. Use "--verbose" to show all the files.

Application bundle generation complete. [0.936 seconds] - 2026-08-18T22:40:13.318Z

Page reload sent to client(s).
> Changes detected. Rebuilding...
√ Changes detected. Rebuilding...
Initial chunk files | Names           | Raw size
main.js             | main            | 42.90 kB | 

Lazy chunk files    | Names           | Raw size
chunk-OM4BLWV2.js   | vehicles-page   | 65.77 kB | 
chunk-WFZLFCLW.js   | scheduling-page | 59.67 kB | 
chunk-BOTHO5X2.js   | -               |  1.36 kB | 

Application bundle generation complete. [2.894 seconds] - 2026-08-18T23:19:02.748Z

Page reload sent to client(s).
> Changes detected. Rebuilding...
√ Changes detected. Rebuilding...
Application bundle generation failed. [1.096 seconds] - 2026-08-18T23:19:05.928Z

> Changes detected. Rebuilding...
√ Changes detected. Rebuilding...
Application bundle generation failed. [0.002 seconds] - 2026-08-18T23:20:00.119Z

> Changes detected. Rebuilding...
√ Changes detected. Rebuilding...
Initial chunk files | Names           |  Raw size
main.js             | main            |  42.83 kB | 
styles.css          | styles          |   4.15 kB | 
chunk-CT2465PJ.js   | -               |   2.80 kB | 
chunk-Y5RQAIA6.js   | -               |   1.50 kB | 
polyfills.js        | polyfills       |  95 bytes | 

                    | Initial total   |  51.38 kB

Lazy chunk files    | Names           |  Raw size
chunk-FBG7I6E2.js   | tires-page      | 118.20 kB | 
chunk-IGT24VC3.js   | inspection-page |  74.21 kB | 
chunk-OM4BLWV2.js   | vehicles-page   |  65.77 kB | 
chunk-WFZLFCLW.js   | scheduling-page |  59.67 kB | 
chunk-RKJWXQUQ.js   | demo-page       |  53.43 kB | 
chunk-4VKB4XAY.js   | catalog-admin   |  53.18 kB | 
chunk-M2XNRMS5.js   | movements-page  |  37.56 kB | 
chunk-ESTLHRBY.js   | disposition     |  27.31 kB | 
chunk-2JICS4SV.js   | dashboard       |  23.15 kB | 
chunk-42OEESYW.js   | login           |  16.92 kB | 
chunk-EQM77UBR.js   | activities-page |  16.87 kB | 
chunk-KPW7SK5N.js   | alerts-page     |  15.69 kB | 
chunk-QBSHT5ZE.js   | -               |  13.91 kB | 
chunk-432D5E36.js   | -               |   2.82 kB | 
chunk-IK6FM2BV.js   | -               |   1.48 kB | 
...and 3 more lazy chunks files. Use "--verbose" to show all the files.

Application bundle generation complete. [1.847 seconds] - 2026-08-18T23:20:08.505Z

Page reload sent to client(s).
> Changes detected. Rebuilding...
√ Changes detected. Rebuilding...
Application bundle generation failed. [1.574 seconds] - 2026-08-18T23:21:03.578Z

> Changes detected. Rebuilding...
√ Changes detected. Rebuilding...
Application bundle generation failed. [0.811 seconds] - 2026-08-18T23:21:36.977Z

> Changes detected. Rebuilding...
√ Changes detected. Rebuilding...
Application bundle generation failed. [1.736 seconds] - 2026-08-18T23:32:18.572Z

> Changes detected. Rebuilding...
√ Changes detected. Rebuilding...
Application bundle generation failed. [0.003 seconds] - 2026-08-18T23:32:58.832Z

> Changes detected. Rebuilding...
√ Changes detected. Rebuilding...
Initial chunk files | Names                 |  Raw size
main.js             | main                  |  42.70 kB | 
styles.css          | styles                |   4.15 kB | 
chunk-CT2465PJ.js   | -                     |   2.80 kB | 
chunk-Y5RQAIA6.js   | -                     |   1.50 kB | 
polyfills.js        | polyfills             |  95 bytes | 

                    | Initial total         |  51.24 kB

Lazy chunk files    | Names                 |  Raw size
chunk-FBG7I6E2.js   | tires-page            | 118.20 kB | 
chunk-IGT24VC3.js   | inspection-page       |  74.21 kB | 
chunk-OM4BLWV2.js   | vehicles-page         |  65.77 kB | 
chunk-WFZLFCLW.js   | scheduling-page       |  59.67 kB | 
chunk-RKJWXQUQ.js   | demo-page             |  53.43 kB | 
chunk-4VKB4XAY.js   | catalog-admin         |  53.18 kB | 
chunk-M2XNRMS5.js   | movements-page        |  37.56 kB | 
chunk-C2G7TR6Q.js   | service-workflow-page |  34.09 kB | 
chunk-2JICS4SV.js   | dashboard             |  23.15 kB | 
chunk-5CPTVYRB.js   | bulk-import-page      |  18.86 kB | 
chunk-42OEESYW.js   | login                 |  16.92 kB | 
chunk-EQM77UBR.js   | activities-page       |  16.87 kB | 
chunk-KPW7SK5N.js   | alerts-page           |  15.69 kB | 
chunk-QBSHT5ZE.js   | -                     |  13.91 kB | 
chunk-432D5E36.js   | -                     |   2.82 kB | 
...and 4 more lazy chunks files. Use "--verbose" to show all the files.

Application bundle generation complete. [16.093 seconds] - 2026-08-18T23:40:55.439Z

Page reload sent to client(s).
> Changes detected. Rebuilding...
√ Changes detected. Rebuilding...

No output file changes.

Application bundle generation complete. [1.229 seconds] - 2026-08-18T23:40:57.092Z

> Changes detected. Rebuilding...
√ Changes detected. Rebuilding...
Initial chunk files | Names                 | Raw size
main.js             | main                  | 42.70 kB | 

Lazy chunk files    | Names                 | Raw size
chunk-TF55432V.js   | service-workflow-page | 36.95 kB | 

Application bundle generation complete. [2.324 seconds] - 2026-08-19T03:24:56.713Z

Component update sent to client(s).
> Changes detected. Rebuilding...
√ Changes detected. Rebuilding...
Application bundle generation failed. [0.354 seconds] - 2026-08-19T03:25:16.755Z

> Changes detected. Rebuilding...
√ Changes detected. Rebuilding...
Application bundle generation failed. [0.001 seconds] - 2026-08-19T03:26:12.708Z

> Changes detected. Rebuilding...
√ Changes detected. Rebuilding...
Application bundle generation failed. [0.695 seconds] - 2026-08-19T03:28:28.062Z

> Changes detected. Rebuilding...
√ Changes detected. Rebuilding...
Application bundle generation failed. [1.462 seconds] - 2026-08-19T03:28:46.266Z

> Changes detected. Rebuilding...
√ Changes detected. Rebuilding...
Application bundle generation failed. [0.486 seconds] - 2026-08-19T03:28:52.015Z

[ELIFECYCLE] Command failed with exit code 4294967295.
