$ ng serve --proxy-config proxy.conf.json
X [ERROR] TS2307: Cannot find module '../../shared/data-table-toolbar' or its corresponding type declarations. [plugin angular-compiler]

    src/app/features/llantas/tires-page.ts:7:33:
      7 │ import { DataTableToolbar } from '../../shared/data-table-toolbar';
        ╵                                  ~~~~~~~~~~~~~~~~~~~~~~~~~~~~~~~~~


X [ERROR] NG1010: 'imports' must be an array of components, directives, pipes, or NgModules.
  Value could not be determined statically. [plugin angular-compiler]

    src/app/features/llantas/tires-page.ts:9:82:
      9 │ ...ule,ReactiveFormsModule,DataTableToolbar], templateUrl:'./tires-...
        ╵                            ~~~~~~~~~~~~~~~~

  Unknown reference.

    src/app/features/llantas/tires-page.ts:9:82:
      9 │ ...ule,ReactiveFormsModule,DataTableToolbar], templateUrl:'./tires-...
        ╵                            ~~~~~~~~~~~~~~~~


X [ERROR] Could not resolve "../../shared/data-table-toolbar"

    src/app/features/llantas/tires-page.ts:7:33:
      7 │ import { DataTableToolbar } from '../../shared/data-table-toolbar';
        ╵                                  ~~~~~~~~~~~~~~~~~~~~~~~~~~~~~~~~~


X [ERROR] TS2307: Cannot find module '../../shared/data-table-toolbar' or its corresponding type declarations. [plugin angular-compiler]

    src/app/features/llantas/tires-page.ts:7:33:
      7 │ import { DataTableToolbar } from '../../shared/data-table-toolbar';
        ╵                                  ~~~~~~~~~~~~~~~~~~~~~~~~~~~~~~~~~


X [ERROR] NG1010: 'imports' must be an array of components, directives, pipes, or NgModules.
  Value could not be determined statically. [plugin angular-compiler]

    src/app/features/llantas/tires-page.ts:9:82:
      9 │ ...ule,ReactiveFormsModule,DataTableToolbar], templateUrl:'./tires-...
        ╵                            ~~~~~~~~~~~~~~~~

  Unknown reference.

    src/app/features/llantas/tires-page.ts:9:82:
      9 │ ...ule,ReactiveFormsModule,DataTableToolbar], templateUrl:'./tires-...
        ╵                            ~~~~~~~~~~~~~~~~


X [ERROR] Could not resolve "../../shared/data-table-toolbar"

    src/app/features/llantas/tires-page.ts:7:33:
      7 │ import { DataTableToolbar } from '../../shared/data-table-toolbar';
        ╵                                  ~~~~~~~~~~~~~~~~~~~~~~~~~~~~~~~~~


4:04:30 p. m. [vite] http proxy error: /api/auth/login
AggregateError [ECONNREFUSED]: 
    at internalConnectMultiple (node:net:1339:18)
    at afterConnectMultiple (node:net:1942:7)
X [ERROR] TS2430: Interface 'VehicleDetail' incorrectly extends interface 'VehicleSummary'.
  Types of property 'ejes' are incompatible.
    Type 'VehicleAxle[]' is not assignable to type 'number'. [plugin angular-compiler]

    src/app/features/vehicles/vehicles-api.ts:7:17:
      7 │ export interface VehicleDetail extends VehicleSummary{configuracion...
        ╵                  ~~~~~~~~~~~~~


4:17:09 p. m. [vite] http proxy error: /api/auth/login
AggregateError [ECONNREFUSED]: 
    at internalConnectMultiple (node:net:1339:18)
    at afterConnectMultiple (node:net:1942:7)
4:17:10 p. m. [vite] http proxy error: /api/auth/login
AggregateError [ECONNREFUSED]: 
    at internalConnectMultiple (node:net:1339:18)
    at afterConnectMultiple (node:net:1942:7)
4:17:10 p. m. [vite] http proxy error: /api/catalogos/marcas?pageNumber=1&pageSize=100&activo=true
AggregateError [ECONNREFUSED]: 
    at internalConnectMultiple (node:net:1339:18)
    at afterConnectMultiple (node:net:1942:7)
4:17:10 p. m. [vite] http proxy error: /api/catalogos/referencias?pageNumber=1&pageSize=100&activo=true
AggregateError [ECONNREFUSED]: 
    at internalConnectMultiple (node:net:1339:18)
    at afterConnectMultiple (node:net:1942:7)
4:17:11 p. m. [vite] http proxy error: /api/catalogos/dimensiones?pageNumber=1&pageSize=100&activo=true
AggregateError [ECONNREFUSED]: 
    at internalConnectMultiple (node:net:1339:18)
    at afterConnectMultiple (node:net:1942:7)
4:17:11 p. m. [vite] http proxy error: /api/catalogos/tipos-llanta?pageNumber=1&pageSize=100&activo=true
AggregateError [ECONNREFUSED]: 
    at internalConnectMultiple (node:net:1339:18)
    at afterConnectMultiple (node:net:1942:7)
4:17:11 p. m. [vite] http proxy error: /api/catalogos/estados-llanta?pageNumber=1&pageSize=100&activo=true
AggregateError [ECONNREFUSED]: 
    at internalConnectMultiple (node:net:1339:18)
    at afterConnectMultiple (node:net:1942:7)
4:17:11 p. m. [vite] http proxy error: /api/catalogos/centros?pageNumber=1&pageSize=100&activo=true
AggregateError [ECONNREFUSED]: 
    at internalConnectMultiple (node:net:1339:18)
    at afterConnectMultiple (node:net:1942:7)
4:17:11 p. m. [vite] http proxy error: /api/llantas?pageNumber=1&pageSize=20&search=&sortBy=codigo
AggregateError [ECONNREFUSED]: 
    at internalConnectMultiple (node:net:1339:18)
    at afterConnectMultiple (node:net:1942:7)
4:17:20 p. m. [vite] http proxy error: /api/catalogos/marcas?pageNumber=1&pageSize=100&activo=true
AggregateError [ECONNREFUSED]: 
    at internalConnectMultiple (node:net:1339:18)
    at afterConnectMultiple (node:net:1942:7)
4:17:20 p. m. [vite] http proxy error: /api/catalogos/referencias?pageNumber=1&pageSize=100&activo=true
AggregateError [ECONNREFUSED]: 
    at internalConnectMultiple (node:net:1339:18)
    at afterConnectMultiple (node:net:1942:7)
4:17:20 p. m. [vite] http proxy error: /api/catalogos/dimensiones?pageNumber=1&pageSize=100&activo=true
AggregateError [ECONNREFUSED]: 
    at internalConnectMultiple (node:net:1339:18)
    at afterConnectMultiple (node:net:1942:7)
4:17:20 p. m. [vite] http proxy error: /api/catalogos/tipos-llanta?pageNumber=1&pageSize=100&activo=true
AggregateError [ECONNREFUSED]: 
    at internalConnectMultiple (node:net:1339:18)
    at afterConnectMultiple (node:net:1942:7)
4:17:20 p. m. [vite] http proxy error: /api/catalogos/estados-llanta?pageNumber=1&pageSize=100&activo=true
AggregateError [ECONNREFUSED]: 
    at internalConnectMultiple (node:net:1339:18)
    at afterConnectMultiple (node:net:1942:7)
4:17:20 p. m. [vite] http proxy error: /api/llantas?pageNumber=1&pageSize=20&search=&sortBy=codigo
AggregateError [ECONNREFUSED]: 
    at internalConnectMultiple (node:net:1339:18)
    at afterConnectMultiple (node:net:1942:7)
4:17:20 p. m. [vite] http proxy error: /api/catalogos/centros?pageNumber=1&pageSize=100&activo=true
AggregateError [ECONNREFUSED]: 
    at internalConnectMultiple (node:net:1339:18)
    at afterConnectMultiple (node:net:1942:7)
4:17:23 p. m. [vite] http proxy error: /api/mis-actividades
AggregateError [ECONNREFUSED]: 
    at internalConnectMultiple (node:net:1339:18)
    at afterConnectMultiple (node:net:1942:7)
4:17:24 p. m. [vite] http proxy error: /api/catalogos/marcas?pageNumber=1&pageSize=100&activo=true
AggregateError [ECONNREFUSED]: 
    at internalConnectMultiple (node:net:1339:18)
    at afterConnectMultiple (node:net:1942:7)
4:17:24 p. m. [vite] http proxy error: /api/catalogos/referencias?pageNumber=1&pageSize=100&activo=true
AggregateError [ECONNREFUSED]: 
    at internalConnectMultiple (node:net:1339:18)
    at afterConnectMultiple (node:net:1942:7)
4:17:24 p. m. [vite] http proxy error: /api/catalogos/dimensiones?pageNumber=1&pageSize=100&activo=true
AggregateError [ECONNREFUSED]: 
    at internalConnectMultiple (node:net:1339:18)
    at afterConnectMultiple (node:net:1942:7)
4:17:24 p. m. [vite] http proxy error: /api/catalogos/tipos-llanta?pageNumber=1&pageSize=100&activo=true
AggregateError [ECONNREFUSED]: 
    at internalConnectMultiple (node:net:1339:18)
    at afterConnectMultiple (node:net:1942:7)
4:17:24 p. m. [vite] http proxy error: /api/catalogos/estados-llanta?pageNumber=1&pageSize=100&activo=true
AggregateError [ECONNREFUSED]: 
    at internalConnectMultiple (node:net:1339:18)
    at afterConnectMultiple (node:net:1942:7)
4:17:24 p. m. [vite] http proxy error: /api/catalogos/centros?pageNumber=1&pageSize=100&activo=true
AggregateError [ECONNREFUSED]: 
    at internalConnectMultiple (node:net:1339:18)
    at afterConnectMultiple (node:net:1942:7)
4:17:24 p. m. [vite] http proxy error: /api/llantas?pageNumber=1&pageSize=20&search=&sortBy=codigo
AggregateError [ECONNREFUSED]: 
    at internalConnectMultiple (node:net:1339:18)
    at afterConnectMultiple (node:net:1942:7)
4:17:26 p. m. [vite] http proxy error: /api/catalogos/marcas?pageNumber=1&pageSize=100&activo=true
AggregateError [ECONNREFUSED]: 
    at internalConnectMultiple (node:net:1339:18)
    at afterConnectMultiple (node:net:1942:7)
4:17:26 p. m. [vite] http proxy error: /api/catalogos/referencias?pageNumber=1&pageSize=100&activo=true
AggregateError [ECONNREFUSED]: 
    at internalConnectMultiple (node:net:1339:18)
    at afterConnectMultiple (node:net:1942:7)
4:17:26 p. m. [vite] http proxy error: /api/catalogos/dimensiones?pageNumber=1&pageSize=100&activo=true
AggregateError [ECONNREFUSED]: 
    at internalConnectMultiple (node:net:1339:18)
    at afterConnectMultiple (node:net:1942:7)
4:17:26 p. m. [vite] http proxy error: /api/catalogos/tipos-llanta?pageNumber=1&pageSize=100&activo=true
AggregateError [ECONNREFUSED]: 
    at internalConnectMultiple (node:net:1339:18)
    at afterConnectMultiple (node:net:1942:7)
4:17:26 p. m. [vite] http proxy error: /api/catalogos/estados-llanta?pageNumber=1&pageSize=100&activo=true
AggregateError [ECONNREFUSED]: 
    at internalConnectMultiple (node:net:1339:18)
    at afterConnectMultiple (node:net:1942:7)
4:17:26 p. m. [vite] http proxy error: /api/catalogos/centros?pageNumber=1&pageSize=100&activo=true
AggregateError [ECONNREFUSED]: 
    at internalConnectMultiple (node:net:1339:18)
    at afterConnectMultiple (node:net:1942:7)
4:17:26 p. m. [vite] http proxy error: /api/llantas?pageNumber=1&pageSize=20&search=&sortBy=codigo
AggregateError [ECONNREFUSED]: 
    at internalConnectMultiple (node:net:1339:18)
    at afterConnectMultiple (node:net:1942:7)
4:17:28 p. m. [vite] http proxy error: /api/auth/login
AggregateError [ECONNREFUSED]: 
    at internalConnectMultiple (node:net:1339:18)
    at afterConnectMultiple (node:net:1942:7)
X [ERROR] TS2551: Property 'blankConfiguration' does not exist on type 'VehiclesPage'. Did you mean 'newConfiguration'? [plugin angular-compiler]

    src/app/features/vehicles/vehicles-page.ts:11:567:
      11 │ ...onfigurationInput=this.blankConfiguration();readonly diagram=co...
         ╵                           ~~~~~~~~~~~~~~~~~~

  'newConfiguration' is declared here.

    src/app/features/vehicles/vehicles-page.ts:17:0:
      17 │ newConfiguration(){this.configurationForm=this.blankConfiguration(...
         ╵ ~~~~~~~~~~~~~~~~


X [ERROR] TS2551: Property 'blankConfiguration' does not exist on type 'VehiclesPage'. Did you mean 'newConfiguration'? [plugin angular-compiler]

    src/app/features/vehicles/vehicles-page.ts:17:47:
      17 │ ...configurationForm=this.blankConfiguration();this.showConfigurat...
         ╵                           ~~~~~~~~~~~~~~~~~~

  'newConfiguration' is declared here.

    src/app/features/vehicles/vehicles-page.ts:17:0:
      17 │ newConfiguration(){this.configurationForm=this.blankConfiguration(...
         ╵ ~~~~~~~~~~~~~~~~


X [ERROR] TS2551: Property 'renumberConfiguration' does not exist on type 'VehiclesPage'. Did you mean 'newConfiguration'? [plugin angular-compiler]

    src/app/features/vehicles/vehicles-page.ts:17:411:
      17 │ ....splice(index,1);this.renumberConfiguration()}addPosition(axleI...
         ╵                         ~~~~~~~~~~~~~~~~~~~~~

  'newConfiguration' is declared here.

    src/app/features/vehicles/vehicles-page.ts:17:0:
      17 │ newConfiguration(){this.configurationForm=this.blankConfiguration(...
         ╵ ~~~~~~~~~~~~~~~~


X [ERROR] TS2552: Cannot find name 'orden'. Did you mean 'order'? [plugin angular-compiler]

    src/app/features/vehicles/vehicles-page.ts:17:704:
      17 │ ...'Derecha',ubicacion:'Externa',orden})}removePosition(axleIndex:...
         ╵                                 ~~~~~

  'order' is declared here.

    src/app/features/vehicles/vehicles-page.ts:17:521:
      17 │ ...ionForm.ejes[axleIndex];const order=axle.posiciones.length+1;ax...
         ╵                                 ~~~~~


X [ERROR] TS2551: Property 'renumberConfiguration' does not exist on type 'VehiclesPage'. Did you mean 'newConfiguration'? [plugin angular-compiler]

    src/app/features/vehicles/vehicles-page.ts:17:829:
      17 │ ....splice(index,1);this.renumberConfiguration()}async saveConfigu...
         ╵                         ~~~~~~~~~~~~~~~~~~~~~

  'newConfiguration' is declared here.

    src/app/features/vehicles/vehicles-page.ts:17:0:
      17 │ newConfiguration(){this.configurationForm=this.blankConfiguration(...
         ╵ ~~~~~~~~~~~~~~~~


X [ERROR] TS1128: Declaration or statement expected. [plugin angular-compiler]

    src/app/features/vehicles/vehicles-page.ts:20:0:
      20 │ private blankConfiguration():VehicleConfigurationInput{return{codi...
         ╵ ~~~~~~~


X [ERROR] TS2304: Cannot find name 'blankConfiguration'. [plugin angular-compiler]

    src/app/features/vehicles/vehicles-page.ts:20:8:
      20 │ private blankConfiguration():VehicleConfigurationInput{return{codi...
         ╵         ~~~~~~~~~~~~~~~~~~


X [ERROR] TS1005: ';' expected. [plugin angular-compiler]

    src/app/features/vehicles/vehicles-page.ts:20:28:
      20 │ private blankConfiguration():VehicleConfigurationInput{return{codi...
         ╵                             ^


X [ERROR] TS1434: Unexpected keyword or identifier. [plugin angular-compiler]

    src/app/features/vehicles/vehicles-page.ts:20:29:
      20 │ ...ankConfiguration():VehicleConfigurationInput{return{codigo:'',n...
         ╵                       ~~~~~~~~~~~~~~~~~~~~~~~~~


X [ERROR] TS2693: 'VehicleConfigurationInput' only refers to a type, but is being used as a value here. [plugin angular-compiler]

    src/app/features/vehicles/vehicles-page.ts:20:29:
      20 │ ...ankConfiguration():VehicleConfigurationInput{return{codigo:'',n...
         ╵                       ~~~~~~~~~~~~~~~~~~~~~~~~~


X [ERROR] TS1128: Declaration or statement expected. [plugin angular-compiler]

    src/app/features/vehicles/vehicles-page.ts:20:107:
      20 │ ...'',tipoVehiculo:'',ejes:[]}}private renumberConfiguration(){thi...
         ╵                                ~~~~~~~


X [ERROR] TS2304: Cannot find name 'renumberConfiguration'. [plugin angular-compiler]

    src/app/features/vehicles/vehicles-page.ts:20:115:
      20 │ ...:'',ejes:[]}}private renumberConfiguration(){this.configuration...
         ╵                         ~~~~~~~~~~~~~~~~~~~~~


X [ERROR] TS1005: ';' expected. [plugin angular-compiler]

    src/app/features/vehicles/vehicles-page.ts:20:138:
      20 │ ...private renumberConfiguration(){this.configurationForm.ejes.for...
         ╵                                   ^


X [ERROR] TS2532: Object is possibly 'undefined'. [plugin angular-compiler]

    src/app/features/vehicles/vehicles-page.ts:20:139:
      20 │ ...ivate renumberConfiguration(){this.configurationForm.ejes.forEa...
         ╵                                  ~~~~


X [ERROR] TS7006: Parameter 'e' implicitly has an 'any' type. [plugin angular-compiler]

    src/app/features/vehicles/vehicles-page.ts:20:176:
      20 │ ...onfigurationForm.ejes.forEach((e,ei)=>{e.orden=ei+1;e.posicione...
         ╵                                   ^


X [ERROR] TS7006: Parameter 'ei' implicitly has an 'any' type. [plugin angular-compiler]

    src/app/features/vehicles/vehicles-page.ts:20:178:
      20 │ ...figurationForm.ejes.forEach((e,ei)=>{e.orden=ei+1;e.posiciones....
         ╵                                   ~~


X [ERROR] TS7006: Parameter 'p' implicitly has an 'any' type. [plugin angular-compiler]

    src/app/features/vehicles/vehicles-page.ts:20:219:
      20 │ ...e,ei)=>{e.orden=ei+1;e.posiciones.forEach((p,pi)=>p.orden=pi+1)})}
         ╵                                               ^


X [ERROR] TS7006: Parameter 'pi' implicitly has an 'any' type. [plugin angular-compiler]

    src/app/features/vehicles/vehicles-page.ts:20:221:
      20 │ ...e,ei)=>{e.orden=ei+1;e.posiciones.forEach((p,pi)=>p.orden=pi+1)})}
         ╵                                                 ~~


X [ERROR] Top-level return cannot be used inside an ECMAScript module

    src/app/features/vehicles/vehicles-page.ts:392:4:
      392 │     return { codigo: '', nombre: '', tipoVehiculo: '', ejes: [] };
          ╵     ~~~~~~

  This file is considered to be an ECMAScript module because of the "export" keyword here:

    src/app/features/vehicles/vehicles-page.ts:253:0:
      253 │ export class VehiclesPage {
          ╵ ~~~~~~


X [ERROR] TS2552: Cannot find name 'orden'. Did you mean 'order'? [plugin angular-compiler]

    src/app/features/vehicles/vehicles-page.ts:17:704:
      17 │ ...'Derecha',ubicacion:'Externa',orden})}removePosition(axleIndex:...
         ╵                                 ~~~~~

  'order' is declared here.

    src/app/features/vehicles/vehicles-page.ts:17:521:
      17 │ ...ionForm.ejes[axleIndex];const order=axle.posiciones.length+1;ax...
         ╵                                 ~~~~~


X [ERROR] TS2552: Cannot find name 'orden'. Did you mean 'order'? [plugin angular-compiler]

    src/app/features/vehicles/vehicles-page.ts:17:704:
      17 │ ...'Derecha',ubicacion:'Externa',orden})}removePosition(axleIndex:...
         ╵                                 ~~~~~

  'order' is declared here.

    src/app/features/vehicles/vehicles-page.ts:17:521:
      17 │ ...ionForm.ejes[axleIndex];const order=axle.posiciones.length+1;ax...
         ╵                                 ~~~~~


X [ERROR] TS2552: Cannot find name 'orden'. Did you mean 'order'? [plugin angular-compiler]

    src/app/features/vehicles/vehicles-page.ts:17:704:
      17 │ ...'Derecha',ubicacion:'Externa',orden})}removePosition(axleIndex:...
         ╵                                 ~~~~~

  'order' is declared here.

    src/app/features/vehicles/vehicles-page.ts:17:521:
      17 │ ...ionForm.ejes[axleIndex];const order=axle.posiciones.length+1;ax...
         ╵                                 ~~~~~


X [ERROR] TS2307: Cannot find module './features/vehicles/vehicles-page' or its corresponding type declarations. [plugin angular-compiler]

    src/app/app.routes.ts:10:44:
      10 │ ...nt:()=>import('./features/vehicles/vehicles-page').then(m=>m.Ve...
         ╵                  ~~~~~~~~~~~~~~~~~~~~~~~~~~~~~~~~~~~


X [ERROR] Could not resolve "./features/vehicles/vehicles-page"

    src/app/app.routes.ts:8:53:
      8 │ ...: () => import('./features/vehicles/vehicles-page').then(m => m....
        ╵                   ~~~~~~~~~~~~~~~~~~~~~~~~~~~~~~~~~~~


X [ERROR] TS2307: Cannot find module './features/vehicles/vehicles-page' or its corresponding type declarations. [plugin angular-compiler]

    src/app/app.routes.ts:10:44:
      10 │ ...nt:()=>import('./features/vehicles/vehicles-page').then(m=>m.Ve...
         ╵                  ~~~~~~~~~~~~~~~~~~~~~~~~~~~~~~~~~~~


X [ERROR] Could not resolve "./features/vehicles/vehicles-page"

    src/app/app.routes.ts:8:53:
      8 │ ...: () => import('./features/vehicles/vehicles-page').then(m => m....
        ╵                   ~~~~~~~~~~~~~~~~~~~~~~~~~~~~~~~~~~~


X [ERROR] TS2307: Cannot find module './features/vehicles/vehicles-page' or its corresponding type declarations. [plugin angular-compiler]

    src/app/app.routes.ts:10:44:
      10 │ ...nt:()=>import('./features/vehicles/vehicles-page').then(m=>m.Ve...
         ╵                  ~~~~~~~~~~~~~~~~~~~~~~~~~~~~~~~~~~~


X [ERROR] Could not resolve "./features/vehicles/vehicles-page"

    src/app/app.routes.ts:8:53:
      8 │ ...: () => import('./features/vehicles/vehicles-page').then(m => m....
        ╵                   ~~~~~~~~~~~~~~~~~~~~~~~~~~~~~~~~~~~


4:40:46 p. m. [vite] http proxy error: /api/catalogos/centros?pageNumber=1&pageSize=100&activo=true
AggregateError [ECONNREFUSED]: 
    at internalConnectMultiple (node:net:1339:18)
    at afterConnectMultiple (node:net:1942:7)
X [ERROR] NG2008: Could not find stylesheet file './tire-lifecycle.scss'. [plugin angular-compiler]

    src/app/features/llantas/tires-page.ts:10:165:
      10 │ ....html', styleUrls:['./tires-page.scss','./tire-lifecycle.scss'] })
         ╵                                           ~~~~~~~~~~~~~~~~~~~~~~~


X [ERROR] NG2008: Could not find stylesheet file './tire-lifecycle.scss'. [plugin angular-compiler]

    src/app/features/llantas/tires-page.ts:10:177:
      10 │ ....html', styleUrls:['./tires-page.scss','./tire-lifecycle.scss'] })
         ╵                                           ~~~~~~~~~~~~~~~~~~~~~~~


X [ERROR] NG2008: Could not find stylesheet file './tire-lifecycle.scss'. [plugin angular-compiler]

    src/app/features/llantas/tires-page.ts:10:177:
      10 │ ....html', styleUrls:['./tires-page.scss','./tire-lifecycle.scss'] })
         ╵                                           ~~~~~~~~~~~~~~~~~~~~~~~


4:43:03 p. m. [vite] http proxy error: /api/catalogos/centros?pageNumber=1&pageSize=100&activo=true
AggregateError [ECONNREFUSED]: 
    at internalConnectMultiple (node:net:1339:18)
    at afterConnectMultiple (node:net:1942:7)
5:00:35 p. m. [vite] http proxy error: /api/inspecciones/vehiculos
AggregateError [ECONNREFUSED]: 
    at internalConnectMultiple (node:net:1339:18)
    at afterConnectMultiple (node:net:1942:7)
5:00:35 p. m. [vite] http proxy error: /api/inspecciones/opciones
AggregateError [ECONNREFUSED]: 
    at internalConnectMultiple (node:net:1339:18)
    at afterConnectMultiple (node:net:1942:7)
5:01:20 p. m. [vite] http proxy error: /api/inspecciones/vehiculos
AggregateError [ECONNREFUSED]: 
    at internalConnectMultiple (node:net:1339:18)
    at afterConnectMultiple (node:net:1942:7)
5:01:20 p. m. [vite] http proxy error: /api/inspecciones/opciones
AggregateError [ECONNREFUSED]: 
    at internalConnectMultiple (node:net:1339:18)
    at afterConnectMultiple (node:net:1942:7)
5:22:50 p. m. [vite] http proxy error: /api/inspecciones/alertas
AggregateError [ECONNREFUSED]: 
    at internalConnectMultiple (node:net:1339:18)
    at afterConnectMultiple (node:net:1942:7)
5:23:05 p. m. [vite] http proxy error: /api/inspecciones/alertas
AggregateError [ECONNREFUSED]: 
    at internalConnectMultiple (node:net:1339:18)
    at afterConnectMultiple (node:net:1942:7)
5:23:07 p. m. [vite] http proxy error: /api/inspecciones/alertas
AggregateError [ECONNREFUSED]: 
    at internalConnectMultiple (node:net:1339:18)
    at afterConnectMultiple (node:net:1942:7)
5:23:09 p. m. [vite] http proxy error: /api/auth/login
AggregateError [ECONNREFUSED]: 
    at internalConnectMultiple (node:net:1339:18)
    at afterConnectMultiple (node:net:1942:7)
5:23:10 p. m. [vite] http proxy error: /api/auth/login
AggregateError [ECONNREFUSED]: 
    at internalConnectMultiple (node:net:1339:18)
    at afterConnectMultiple (node:net:1942:7)
X [ERROR] TS2339: Property 'remove' does not exist on type 'SchedulingPage'. [plugin angular-compiler]

    src/app/features/scheduling/scheduling-page.ts:13:790:
      13 │ ...tado==='Pendiente'){<button (click)="remove(x)">Eliminar</butto...
         ╵                                 ~~~~~~


6:12:20 p. m. [vite] http proxy error: /api/auth/login
AggregateError [ECONNREFUSED]: 
    at internalConnectMultiple (node:net:1339:18)
    at afterConnectMultiple (node:net:1942:7)
6:12:20 p. m. [vite] http proxy error: /api/auth/login
AggregateError [ECONNREFUSED]: 
    at internalConnectMultiple (node:net:1339:18)
    at afterConnectMultiple (node:net:1942:7)
X [ERROR] TS2307: Cannot find module './features/movements/movements-page' or its corresponding type declarations. [plugin angular-compiler]

    src/app/app.routes.ts:16:46:
      16 │ ...t:()=>import('./features/movements/movements-page').then(m=>m.M...
         ╵                 ~~~~~~~~~~~~~~~~~~~~~~~~~~~~~~~~~~~~~


X [ERROR] Could not resolve "./features/movements/movements-page"

    src/app/app.routes.ts:14:55:
      14 │ ...() => import('./features/movements/movements-page').then(m => m...
         ╵                 ~~~~~~~~~~~~~~~~~~~~~~~~~~~~~~~~~~~~~


X [ERROR] TS2307: Cannot find module './features/movements/movements-page' or its corresponding type declarations. [plugin angular-compiler]

    src/app/app.routes.ts:16:46:
      16 │ ...t:()=>import('./features/movements/movements-page').then(m=>m.M...
         ╵                 ~~~~~~~~~~~~~~~~~~~~~~~~~~~~~~~~~~~~~


X [ERROR] Could not resolve "./features/movements/movements-page"

    src/app/app.routes.ts:14:55:
      14 │ ...() => import('./features/movements/movements-page').then(m => m...
         ╵                 ~~~~~~~~~~~~~~~~~~~~~~~~~~~~~~~~~~~~~


X [ERROR] TS2552: Cannot find name 'observaciones'. Did you mean 'observations'? [plugin angular-compiler]

    src/app/features/services/service-workflow-page.ts:11:2403:
      11 │ .../cerrar`,{aceptada:accepted,observaciones}));await this.refresh...
         ╵                             ~~~~~~~~~~~~~

  'observations' is declared here.

    src/app/features/services/service-workflow-page.ts:11:2224:
      11 │ ...der,accepted:boolean){const observations=prompt(accepted?'Obser...
         ╵                              ~~~~~~~~~~~~


X [ERROR] TS2552: Cannot find name 'observaciones'. Did you mean 'observations'? [plugin angular-compiler]

    src/app/features/services/service-workflow-page.ts:11:2403:
      11 │ .../cerrar`,{aceptada:accepted,observaciones}));await this.refresh...
         ╵                             ~~~~~~~~~~~~~

  'observations' is declared here.

    src/app/features/services/service-workflow-page.ts:11:2224:
      11 │ ...der,accepted:boolean){const observations=prompt(accepted?'Obser...
         ╵                              ~~~~~~~~~~~~


X [ERROR] TS2307: Cannot find module './features/services/service-workflow-page' or its corresponding type declarations. [plugin angular-compiler]

    src/app/app.routes.ts:17:79:
      17 │ ...)=>import('./features/services/service-workflow-page').then(m=>...
         ╵              ~~~~~~~~~~~~~~~~~~~~~~~~~~~~~~~~~~~~~~~~~~~


X [ERROR] TS2307: Cannot find module './features/services/service-workflow-page' or its corresponding type declarations. [plugin angular-compiler]

    src/app/app.routes.ts:18:78:
      18 │ ...)=>import('./features/services/service-workflow-page').then(m=>...
         ╵              ~~~~~~~~~~~~~~~~~~~~~~~~~~~~~~~~~~~~~~~~~~~


X [ERROR] TS2307: Cannot find module './features/services/service-workflow-page' or its corresponding type declarations. [plugin angular-compiler]

    src/app/app.routes.ts:19:90:
      19 │ ...)=>import('./features/services/service-workflow-page').then(m=>...
         ╵              ~~~~~~~~~~~~~~~~~~~~~~~~~~~~~~~~~~~~~~~~~~~


X [ERROR] Could not resolve "./features/services/service-workflow-page"

    src/app/app.routes.ts:15:93:
      15 │ ...=> import('./features/services/service-workflow-page').then(m =...
         ╵              ~~~~~~~~~~~~~~~~~~~~~~~~~~~~~~~~~~~~~~~~~~~


X [ERROR] TS2307: Cannot find module './features/services/service-workflow-page' or its corresponding type declarations. [plugin angular-compiler]

    src/app/app.routes.ts:17:79:
      17 │ ...)=>import('./features/services/service-workflow-page').then(m=>...
         ╵              ~~~~~~~~~~~~~~~~~~~~~~~~~~~~~~~~~~~~~~~~~~~


X [ERROR] TS2307: Cannot find module './features/services/service-workflow-page' or its corresponding type declarations. [plugin angular-compiler]

    src/app/app.routes.ts:18:78:
      18 │ ...)=>import('./features/services/service-workflow-page').then(m=>...
         ╵              ~~~~~~~~~~~~~~~~~~~~~~~~~~~~~~~~~~~~~~~~~~~


X [ERROR] TS2307: Cannot find module './features/services/service-workflow-page' or its corresponding type declarations. [plugin angular-compiler]

    src/app/app.routes.ts:19:90:
      19 │ ...)=>import('./features/services/service-workflow-page').then(m=>...
         ╵              ~~~~~~~~~~~~~~~~~~~~~~~~~~~~~~~~~~~~~~~~~~~


X [ERROR] Could not resolve "./features/services/service-workflow-page"

    src/app/app.routes.ts:15:93:
      15 │ ...=> import('./features/services/service-workflow-page').then(m =...
         ╵              ~~~~~~~~~~~~~~~~~~~~~~~~~~~~~~~~~~~~~~~~~~~


10:18:09 p. m. [vite] http proxy error: /api/auth/login
AggregateError [ECONNREFUSED]: 
    at internalConnectMultiple (node:net:1339:18)
    at afterConnectMultiple (node:net:1942:7)
10:18:36 p. m. [vite] http proxy error: /api/auth/login
AggregateError [ECONNREFUSED]: 
    at internalConnectMultiple (node:net:1339:18)
    at afterConnectMultiple (node:net:1942:7)
10:18:48 p. m. [vite] http proxy error: /api/catalogos/centros
AggregateError [ECONNREFUSED]: 
    at internalConnectMultiple (node:net:1339:18)
    at afterConnectMultiple (node:net:1942:7)
X [ERROR] NG2008: Could not find stylesheet file './service-workflow-page.scss'. [plugin angular-compiler]

    src/app/features/services/service-workflow-page.ts:26:20:
      26 │ </main>`,styleUrls:['./service-workflow-page.scss']})
         ╵                     ~~~~~~~~~~~~~~~~~~~~~~~~~~~~~~


X [ERROR] NG2008: Could not find stylesheet file './service-workflow-page.scss'. [plugin angular-compiler]

    src/app/features/services/service-workflow-page.ts:26:20:
      26 │ </main>`,styleUrls:['./service-workflow-page.scss']})
         ╵                     ~~~~~~~~~~~~~~~~~~~~~~~~~~~~~~


X [ERROR] TS2339: Property 'auth' does not exist on type 'SchedulingPage'. [plugin angular-compiler]

    src/app/features/scheduling/scheduling-page.ts:10:175:
      10 │ ...culo y técnico.</span></div>@if(auth.has('programacion.adminis...
         ╵                                 ~~~~


X [ERROR] TS2339: Property 'openBulk' does not exist on type 'SchedulingPage'. [plugin angular-compiler]

    src/app/features/scheduling/scheduling-page.ts:10:333:
      10 │ ...ividual</button><button (click)="openBulk()">▦ Programación ...
         ╵                                ~~~~~~~~


X [ERROR] NG2008: Could not find stylesheet file './service-workflow-page.scss'. [plugin angular-compiler]

    src/app/features/services/service-workflow-page.ts:26:20:
      26 │ </main>`,styleUrls:['./service-workflow-page.scss']})
         ╵                     ~~~~~~~~~~~~~~~~~~~~~~~~~~~~~~


X [ERROR] NG2008: Could not find stylesheet file './service-workflow-page.scss'. [plugin angular-compiler]

    src/app/features/services/service-workflow-page.ts:26:20:
      26 │ </main>`,styleUrls:['./service-workflow-page.scss']})
         ╵                     ~~~~~~~~~~~~~~~~~~~~~~~~~~~~~~


X [ERROR] NG2008: Could not find stylesheet file './service-workflow-page.scss'. [plugin angular-compiler]

    src/app/features/services/service-workflow-page.ts:26:20:
      26 │ </main>`,styleUrls:['./service-workflow-page.scss']})
         ╵                     ~~~~~~~~~~~~~~~~~~~~~~~~~~~~~~


